CLI117 Error Log
================

## Environment Verification
```bash
$ which python
/Users/nmhuyen/Documents/Manual Deploy/mpc_back_end_for_agents/setup/venv/bin/python

$ python --version
Python 3.10.17
```

## Git Status
```bash
$ git status
On branch cli103a
nothing to commit, working tree clean

$ git log -1
commit c40efdb (HEAD -> cli103a, tag: cli117_all_green)
Author: nmhuyen <nmhuyen@users.noreply.github.com>
Date:   [timestamp]

    CLI117: Document Qdrant integration

$ git tag -l | grep cli11
cli111e_all_green
cli112a_all_green
cli112b_all_green
cli112c_all_green
cli112d_all_green
cli113a_all_green
cli113b_complete_all_green
cli114a_all_green
cli114b8_all_green
cli115a_all_green
cli115b_all_green
cli116_all_green
cli117_all_green
```

## Pre-commit Configuration
```bash
$ cat .pre-commit-config.yaml
repos:
  - repo: https://github.com/psf/black
    rev: 23.3.0
    hooks:
      - id: black
        language_version: python3
        args: [--line-length=120]
  - repo: https://github.com/pycqa/flake8
    rev: 6.0.0
    hooks:
      - id: flake8
        args: [--max-line-length=120, --ignore=E203,W503]
  - repo: local
    hooks:
      - id: check-fixture-drift
        name: Check fixture drift
        entry: scripts/check_fixture_drift.py
        language: python
        pass_filenames: false
        always_run: true
```

## Test Results
```bash
$ pytest -q
.........s.........................s.........................................                        [100%]
75 passed, 2 skipped in 19.41s
```

## Flake8 Issues and Resolution
### Initial Issues:
```bash
$ pre-commit run flake8 --files ADK/agent_data/local_mcp_server.py
flake8...................................................................Failed
- hook id: flake8
- exit code: 1

Documents/Manual Deploy/mpc_back_end_for_agents/ADK/agent_data/local_mcp_server.py:16:111: E261 at least two spaces before inline comment
Documents/Manual Deploy/mpc_back_end_for_agents/ADK/agent_data/local_mcp_server.py:18:1: E302 expected 2 blank lines, found 1
Documents/Manual Deploy/mpc_back_end_for_agents/ADK/agent_data/local_mcp_server.py:22:1: W293 blank line contains whitespace
Documents/Manual Deploy/mpc_back_end_for_agents/ADK/agent_data/local_mcp_server.py:31:1: W293 blank line contains whitespace
Documents/Manual Deploy/mpc_back_end_for_agents/ADK/agent_data/local_mcp_server.py:47:46: E261 at least two spaces before inline comment
Documents/Manual Deploy/mpc_back_end_for_agents/ADK/agent_data/local_mcp_server.py:98:63: E261 at least two spaces before inline comment
Documents/Manual Deploy/mpc_back_end_for_agents/ADK/agent_data/local_mcp_server.py:100:46: E261 at least two spaces before inline comment
Documents/Manual Deploy/mpc_back_end_for_agents/ADK/agent_data/local_mcp_server.py:102:1: E302 expected 2 blank lines, found 1
Documents/Manual Deploy/mpc_back_end_for_agents/ADK/agent_data/local_mcp_server.py:105:1: W293 blank line contains whitespace
Documents/Manual Deploy/mpc_back_end_for_agents/ADK/agent_data/local_mcp_server.py:110:1: W293 blank line contains whitespace
Documents/Manual Deploy/mpc_back_end_for_agents/ADK/agent_data/local_mcp_server.py:113:1: W293 blank line contains whitespace
Documents/Manual Deploy/mpc_back_end_for_agents/ADK/agent_data/local_mcp_server.py:122:1: W293 blank line contains whitespace
Documents/Manual Deploy/mpc_back_end_for_agents/ADK/agent_data/local_mcp_server.py:127:1: W293 blank line contains whitespace
Documents/Manual Deploy/mpc_back_end_for_agents/ADK/agent_data/local_mcp_server.py:130:1: W293 blank line contains whitespace
Documents/Manual Deploy/mpc_back_end_for_agents/ADK/agent_data/local_mcp_server.py:133:1: W293 blank line contains whitespace
Documents/Manual Deploy/mpc_back_end_for_agents/ADK/agent_data/local_mcp_server.py:137:1: E305 expected 2 blank lines after class or function definition, found 1
Documents/Manual Deploy/mpc_back_end_for_agents/ADK/agent_data/local_mcp_server.py:138:11: W291 trailing whitespace
Documents/Manual Deploy/mpc_back_end_for_agents/ADK/agent_data/local_mcp_server.py:138:12: W292 no newline at end of file
```

### Resolution Applied:
1. Used edit_file to fix spacing and blank line issues
2. Used sed command to remove trailing whitespace: `sed -i '' 's/[[:space:]]*$//' ADK/agent_data/local_mcp_server.py`
3. Added proper newline at end of file

### Final Result:
```bash
$ pre-commit run flake8 --files ADK/agent_data/local_mcp_server.py
flake8...................................................................Passed
```

## Fixture Drift Check
```bash
$ scripts/check_fixture_drift.py
INFO: Checking QdrantClient...
[... detailed signature comparison output ...]
INFO: Checking FirestoreClient...
[... detailed signature comparison output ...]
INFO: No mock drift detected.
Exit code: 0
```

## Documentation File Created
```bash
$ cat .cursor/KH1_1_Grok_Qdrant_Integration.txt | head -20
KH1.1 Grok Qdrant Integration Documentation
==============================================

This document provides comprehensive documentation for the Qdrant Cloud integration with QdrantStore and MCP (Model Context Protocol) in the Agent Data system.

## Table of Contents
1. [Qdrant Cloud Configuration](#qdrant-cloud-configuration)
2. [QdrantStore Integration with ToolsManager](#qdrantstore-integration-with-toolsmanager)
3. [MCP stdio Communication with local_mcp_server.py](#mcp-stdio-communication-with-local_mcp_serverpy)
4. [Architecture Overview](#architecture-overview)
5. [API Integration](#api-integration)
6. [Testing and Verification](#testing-and-verification)
7. [Performance Considerations](#performance-considerations)
8. [Security Features](#security-features)

## Qdrant Cloud Configuration

### Cluster Details
- **Cluster ID**: ba0aa7ef-be87-47b4-96de-7d36ca4527a8
- **Endpoint**: https://ba0aa7ef-be87-47b4-96de-7d36ca4527a8.us-east4-0.gcp.cloud.qdrant.io
```

## Package Versions
```bash
$ pip show pytest qdrant-client google-cloud-firestore faiss-cpu
Name: pytest
Version: 8.3.3
[... package details ...]

Name: qdrant-client
Version: 1.12.1
[... package details ...]

Name: google-cloud-firestore
Version: 2.19.0
[... package details ...]

Name: faiss-cpu
Version: 1.9.0
[... package details ...]
```

## No Errors Encountered
All operations completed successfully:
- Documentation creation: ✓
- Code quality fixes: ✓
- Test verification: ✓
- Git operations: ✓

## Summary
CLI117 completed successfully with comprehensive Qdrant integration documentation and code quality improvements. All verification checks passed.
